Searching LinkedIn for: AI ML intern hiring email

Traceback (most recent call last):
  File "<frozen runpy>", line 198, in _run_module_as_main
  File "<frozen runpy>", line 88, in _run_code
  File "C:\Users\ATHARVA\OneDrive\Documents\Intern_Hunt\src\linkedin_search_cli.py", line 28, in <module>
    main()
    ~~~~^^
  File "C:\Users\ATHARVA\OneDrive\Documents\Intern_Hunt\src\linkedin_search_cli.py", line 19, in main
    results = search_linkedin_posts(queries, max_posts_per_query=args.max_posts)
  File "C:\Users\ATHARVA\OneDrive\Documents\Intern_Hunt\src\linkedin_agent.py", line 52, in search_linkedin_posts
    page.goto(url, wait_until="commit", timeout=20_000)
    ~~~~~~~~~^^^^^^^^^^^^^^^^^^^^^^^^^^^^^^^^^^^^^^^^^^
  File "C:\Users\ATHARVA\AppData\Roaming\Python\Python313\site-packages\playwright\sync_api\_generated.py", line 9024, in goto
    self._sync(
    ~~~~~~~~~~^
        self._impl_obj.goto(
        ^^^^^^^^^^^^^^^^^^^^
            url=url, timeout=timeout, waitUntil=wait_until, referer=referer
            ^^^^^^^^^^^^^^^^^^^^^^^^^^^^^^^^^^^^^^^^^^^^^^^^^^^^^^^^^^^^^^^
        )
        ^
    )
    ^
  File "C:\Users\ATHARVA\AppData\Roaming\Python\Python313\site-packages\playwright\_impl\_sync_base.py", line 115, in _sync
    return task.result()
           ~~~~~~~~~~~^^
  File "C:\Users\ATHARVA\AppData\Roaming\Python\Python313\site-packages\playwright\_impl\_page.py", line 552, in goto
    return await self._main_frame.goto(**locals_to_params(locals()))
           ^^^^^^^^^^^^^^^^^^^^^^^^^^^^^^^^^^^^^^^^^^^^^^^^^^^^^^^^^
  File "C:\Users\ATHARVA\AppData\Roaming\Python\Python313\site-packages\playwright\_impl\_frame.py", line 145, in goto
    await self._channel.send("goto", locals_to_params(locals()))
  File "C:\Users\ATHARVA\AppData\Roaming\Python\Python313\site-packages\playwright\_impl\_connection.py", line 61, in send
    return await self._connection.wrap_api_call(
           ^^^^^^^^^^^^^^^^^^^^^^^^^^^^^^^^^^^^^
    ...<2 lines>...
    )
    ^
  File "C:\Users\ATHARVA\AppData\Roaming\Python\Python313\site-packages\playwright\_impl\_connection.py", line 528, in wrap_api_call
    raise rewrite_error(error, f"{parsed_st['apiName']}: {error}") from None
playwright._impl._errors.Error: Page.goto: net::ERR_NETWORK_ACCESS_DENIED at https://www.linkedin.com/search/results/content/?keywords=AI+ML+intern+hiring+email&origin=GLOBAL_SEARCH_HEADER
Call log:
  - navigating to "https://www.linkedin.com/search/results/content/?keywords=AI+ML+intern+hiring+email&origin=GLOBAL_SEARCH_HEADER", waiting until "commit"


Traceback (most recent call last):
  File "C:\Users\ATHARVA\OneDrive\Documents\Intern_Hunt\app.py", line 56, in run_linkedin_search
    completed = subprocess.run(
        command,
    ...<4 lines>...
        check=True,
    )
  File "C:\Program Files\Python313\Lib\subprocess.py", line 577, in run
    raise CalledProcessError(retcode, process.args,
                             output=stdout, stderr=stderr)
subprocess.CalledProcessError: Command '['C:\\Program Files\\Python313\\python.exe', '-m', 'src.linkedin_search_cli', '--queries', 'C:\\Users\\ATHARVA\\OneDrive\\Documents\\Intern_Hunt\\data\\linkedin_queries.json', '--output', 'C:\\Users\\ATHARVA\\OneDrive\\Documents\\Intern_Hunt\\data\\linkedin_results.json', '--max-posts', '1']' returned non-zero exit status 1.
